ysql> CREATE TABLE общая (
    -> id INT PRIMARY KEY AUTO_INCREMENT,
    -> порода VARCHAR(255),
    ->   скорость INT,
    ->   упрямость BOOLEAN,
    -> количество_горбов INT,
    -> пугливость BOOLEAN,
    -> наличие_шерсти BOOLEAN,
    -> выполняемые_команды VARCHAR(255)
    -> );
Query OK, 0 rows affected (0,06 sec)

mysql> SHOW TABLES;
+-----------------------------------------+
| Tables_in_Друзья_человека               |
+-----------------------------------------+
| Pack_animal                             |
| Pet                                     |
| Верблюд                                 |
| Животные                                |
| Кот                                     |
| Лошади_и_Ослы                           |
| Собака                                  |
| Хомяк                                   |
| молодые_животные                        |
| общая                                   |
+-----------------------------------------+
10 rows in set (0,00 sec)

mysql> INSERT INTO общая (порода, скорость, упрямость, количество_горбов, пугливость, наличие_шерсти, выполняемые_команды)
    -> SELECT порода, NULL, NULL, количество_горбов, NULL, NULL, NULL
    -> FROM Верблюд;
Query OK, 0 rows affected (0,00 sec)
Records: 0  Duplicates: 0  Warnings: 0

mysql> INSERT INTO общая (порода, скорость, упрямость, количество_горбов, пугливость, наличие_шерсти, выполняемые_команды)
    ->     -> SELECT порода, NULL, NULL, NULL, NULL, наличие_шерсти, NULL
    ->     -> FROM Кот;
ERROR 1064 (42000): You have an error in your SQL syntax; check the manual that corresponds to your MySQL server version for the right syntax to use near '-> SELECT порода, NULL, NULL, NULL, NULL, наличие_шерсти, NUL' at line 2
mysql> INSERT INTO общая (порода, скорость, упрямость, количество_горбов, пугливость, наличие_шерсти, выполняемые_команды)
    ->     -> SELECT порода, NULL, NULL, NULL, NULL, наличие_шерсти, NULL
    ->     -> FROM Кот;
ERROR 1064 (42000): You have an error in your SQL syntax; check the manual that corresponds to your MySQL server version for the right syntax to use near '-> SELECT порода, NULL, NULL, NULL, NULL, наличие_шерсти, NUL' at line 2
mysql> INSERT INTO общая (порода, скорость, упрямость, количество_горбов, пугливость, наличие_шерсти, выполняемые_команды)
    -> SELECT порода, NULL, NULL, NULL, NULL, наличие_шерсти, NULL
    -> FROM Кот;
Query OK, 3 rows affected (0,07 sec)
Records: 3  Duplicates: 0  Warnings: 0

mysql> INSERT INTO общая (порода, скорость, упрямость, количество_горбов, пугливость, наличие_шерсти, выполняемые_команды)
    ->      SELECT порода, скорость, упрямость, NULL, NULL, NULL, NULL
    ->      FROM Лошади_и_Ослы;
Query OK, 6 rows affected (0,05 sec)
Records: 6  Duplicates: 0  Warnings: 0

mysql> INSERT INTO общая (порода, скорость, упрямость, количество_горбов, пугливость, наличие_шерсти, выполняемые_команды)
    ->      SELECT порода, NULL, NULL, NULL, NULL, NULL, выполняемые_команды
    ->      FROM Собака;
Query OK, 3 rows affected (0,02 sec)
Records: 3  Duplicates: 0  Warnings: 0

mysql> INSERT INTO общая (порода, скорость, упрямость, количество_горбов, пугливость, наличие_шерсти, выполняемые_команды)
    ->      SELECT порода, NULL, NULL, NULL, пугливость, NULL, NULL
    ->      FROM Хомяк;
Query OK, 3 rows affected (0,03 sec)
Records: 3  Duplicates: 0  Warnings: 0

mysql> SELECT * FROM общая;
+----+---------------------------------+------------------+--------------------+-----------------------------------+----------------------+-----------------------------+---------------------------------------+
| id | порода                          | скорость         | упрямость          | количество_горбов                 | пугливость           | наличие_шерсти              | выполняемые_команды                   |
+----+---------------------------------+------------------+--------------------+-----------------------------------+----------------------+-----------------------------+---------------------------------------+
|  1 | британский                      |             NULL |               NULL |                              NULL |                 NULL |                           1 | NULL                                  |
|  2 | сфинкс                          |             NULL |               NULL |                              NULL |                 NULL |                           0 | NULL                                  |
|  3 | мейнкун                         |             NULL |               NULL |                              NULL |                 NULL |                           1 | NULL                                  |
|  4 | средняя лошадь                  |               60 |               NULL |                              NULL |                 NULL |                        NULL | NULL                                  |
|  5 | большая лошадь                  |               70 |               NULL |                              NULL |                 NULL |                        NULL | NULL                                  |
|  6 | лошадка поменьше                |               50 |               NULL |                              NULL |                 NULL |                        NULL | NULL                                  |
|  7 | упрямый 1                       |             NULL |                  1 |                              NULL |                 NULL |                        NULL | NULL                                  |
|  8 | ИА                              |             NULL |                  0 |                              NULL |                 NULL |                        NULL | NULL                                  |
|  9 | упрямый 2                       |             NULL |                  1 |                              NULL |                 NULL |                        NULL | NULL                                  |
| 11 | хаски                           |             NULL |               NULL |                              NULL |                 NULL |                        NULL | Команда 1, Команда 2                  |
| 12 | терьер                          |             NULL |               NULL |                              NULL |                 NULL |                        NULL | Команда 3, Команда 4                  |
| 13 | корги                           |             NULL |               NULL |                              NULL |                 NULL |                        NULL | Команда 5, Команда 6                  |
| 14 | московский                      |             NULL |               NULL |                              NULL |                    1 |                        NULL | NULL                                  |
| 15 | питерский                       |             NULL |               NULL |                              NULL |                    0 |                        NULL | NULL                                  |
| 16 | казанский                       |             NULL |               NULL |                              NULL |                    1 |                        NULL | NULL                                  |
+----+---------------------------------+------------------+--------------------+-----------------------------------+----------------------+-----------------------------+---------------------------------------+
15 rows in set (0,00 sec)

mysql> 
